started_utc: 2026-10-05T17:26:02Z
exit=0
--- stdout
real sidecar: ready; 30 finite pair score(s), 0 failed
real sidecar: stopped; port closed
--- /usr/bin/time -v (stderr)
	Command being timed: "sh scripts/model-routing/real-sidecar-check.sh shadow --dataset /local/celeris/data/scratch/routellm/dataset --max-requests 50 --out docs/reports/model-routing-routellm-shadow"
	User time (seconds): 7.54
	System time (seconds): 1.95
	Percent of CPU this job got: 159%
	Elapsed (wall clock) time (h:mm:ss or m:ss): 0:05.94
	Average shared text size (kbytes): 0
	Average unshared data size (kbytes): 0
	Average stack size (kbytes): 0
	Average total size (kbytes): 0
	Maximum resident set size (kbytes): 2623488
	Average resident set size (kbytes): 0
	Major (requiring I/O) page faults: 0
	Minor (reclaiming a frame) page faults: 466800
	Voluntary context switches: 5745
	Involuntary context switches: 109
	Swaps: 0
	File system inputs: 1424
	File system outputs: 120
	Socket messages sent: 0
	Socket messages received: 0
	Signals delivered: 0
	Page size (bytes): 4096
	Exit status: 0
