started_utc: 2026-10-05T17:25:40Z
exit=0
--- stdout
real sidecar: ready; 1 finite pair score(s), 0 failed
real sidecar: stopped; port closed
--- /usr/bin/time -v (stderr)
	Command being timed: "sh scripts/model-routing/real-sidecar-check.sh start-stop"
	User time (seconds): 7.00
	System time (seconds): 2.18
	Percent of CPU this job got: 61%
	Elapsed (wall clock) time (h:mm:ss or m:ss): 0:15.01
	Average shared text size (kbytes): 0
	Average unshared data size (kbytes): 0
	Average stack size (kbytes): 0
	Average total size (kbytes): 0
	Maximum resident set size (kbytes): 2643756
	Average resident set size (kbytes): 0
	Major (requiring I/O) page faults: 3
	Minor (reclaiming a frame) page faults: 471011
	Voluntary context switches: 6226
	Involuntary context switches: 106
	Swaps: 0
	File system inputs: 3792
	File system outputs: 126120
	Socket messages sent: 0
	Socket messages received: 0
	Signals delivered: 0
	Page size (bytes): 4096
	Exit status: 0
